// Jest Snapshot v1, https://goo.gl/fbAQLP

exports[`AccountDetails renders without error 1`] = `
<View
  style={
    [
      {
        "alignItems": "center",
        "display": "flex",
        "flexDirection": "row",
        "flexShrink": 1,
        "justifyContent": "space-between",
      },
    ]
  }
>
  <View
    style={
      [
        {
          "alignItems": "stretch",
          "display": "flex",
          "flex": 1,
          "flexDirection": "row",
          "flexShrink": 1,
          "justifyContent": "flex-start",
        },
      ]
    }
  >
    <View
      style={
        [
          {
            "alignItems": "center",
            "display": "flex",
            "flexDirection": "row",
            "justifyContent": "flex-start",
          },
        ]
      }
    >
      <View
        style={
          [
            {
              "backgroundColor": "transparent",
              "borderColor": "transparent",
              "borderRadius": 999999,
              "borderWidth": 0,
              "display": "flex",
              "position": "relative",
            },
            {
              "padding": 0,
            },
          ]
        }
      >
        <View
          style={
            [
              {
                "display": "flex",
                "height": 50,
                "width": 50,
              },
            ]
          }
        >
          <View
            style={
              [
                {
                  "display": "flex",
                  "height": 50,
                  "width": 50,
                },
              ]
            }
          >
            <View
              style={
                {
                  "flex": 1,
                }
              }
            >
              <View
                clip={true}
                mask={
                  <UniconMask
                    attributeData={
                      {
                        "0": "#6100FF",
                        "1": "#76D191",
                        "2": [
                          {
                            "fillType": "evenOdd",
                            "path": "M31 33V16C31 8.8203 25.1797 3 18 3C10.8203 3 5 8.8203 5 16V33H31ZM18 0C9.16344 0 2 7.16344 2 16V35.807C2 35.9136 2.08642 36 2.19303 36H33.807C33.9136 36 34 35.9136 34 35.807V16C34 7.16344 26.8366 0 18 0Z",
                          },
                        ],
                        "3": [
                          {
                            "path": "M8 8C8 8 13.1678 6.70089 14.2197 5.649C15.2716 4.59712 15.2583 2.87836 14.19 1.81004C13.1216 0.741719 11.4029 0.728395 10.351 1.78028C9.29911 2.83216 8 8 8 8Z",
                          },
                          {
                            "path": "M8 8C8 8 13.1678 9.29911 14.2197 10.351C15.2716 11.4029 15.2583 13.1216 14.19 14.19C13.1216 15.2583 11.4029 15.2716 10.351 14.2197C9.29911 13.1678 8 8 8 8Z",
                          },
                          {
                            "path": "M1.78028 10.351C2.83216 9.29911 8 8 8 8C8 8 6.70089 13.1678 5.649 14.2197C4.59712 15.2716 2.87836 15.2583 1.81004 14.19C0.741719 13.1216 0.728395 11.4029 1.78028 10.351Z",
                          },
                          {
                            "path": "M8 8C8 8 2.83216 6.70089 1.78028 5.649C0.728395 4.59712 0.741719 2.87836 1.81004 1.81004C2.87836 0.741719 4.59712 0.728395 5.649 1.78028C6.70089 2.83216 8 8 8 8Z",
                          },
                        ],
                      }
                    }
                    showBorder={false}
                    size={50}
                  />
                }
              >
                <View
                  transform={
                    [
                      {
                        "scale": 1.3513513513513513,
                      },
                    ]
                  }
                >
                  <View
                    height={37}
                    width={37}
                    x={0}
                    y={0}
                  >
                    <View
                      colors={
                        [
                          "#6100FF",
                          "#76D191",
                        ]
                      }
                      end={null}
                      start={null}
                    />
                  </View>
                  <View
                    color="#D3EBA3"
                    cx={18.5}
                    cy={-13.36111111111111}
                    r={30.833333333333336}
                  >
                    <View
                      blur={15}
                    />
                  </View>
                </View>
              </View>
              <View
                clip={true}
                mask={
                  <UniconMask
                    attributeData={
                      {
                        "0": "#6100FF",
                        "1": "#76D191",
                        "2": [
                          {
                            "fillType": "evenOdd",
                            "path": "M31 33V16C31 8.8203 25.1797 3 18 3C10.8203 3 5 8.8203 5 16V33H31ZM18 0C9.16344 0 2 7.16344 2 16V35.807C2 35.9136 2.08642 36 2.19303 36H33.807C33.9136 36 34 35.9136 34 35.807V16C34 7.16344 26.8366 0 18 0Z",
                          },
                        ],
                        "3": [
                          {
                            "path": "M8 8C8 8 13.1678 6.70089 14.2197 5.649C15.2716 4.59712 15.2583 2.87836 14.19 1.81004C13.1216 0.741719 11.4029 0.728395 10.351 1.78028C9.29911 2.83216 8 8 8 8Z",
                          },
                          {
                            "path": "M8 8C8 8 13.1678 9.29911 14.2197 10.351C15.2716 11.4029 15.2583 13.1216 14.19 14.19C13.1216 15.2583 11.4029 15.2716 10.351 14.2197C9.29911 13.1678 8 8 8 8Z",
                          },
                          {
                            "path": "M1.78028 10.351C2.83216 9.29911 8 8 8 8C8 8 6.70089 13.1678 5.649 14.2197C4.59712 15.2716 2.87836 15.2583 1.81004 14.19C0.741719 13.1216 0.728395 11.4029 1.78028 10.351Z",
                          },
                          {
                            "path": "M8 8C8 8 2.83216 6.70089 1.78028 5.649C0.728395 4.59712 0.741719 2.87836 1.81004 1.81004C2.87836 0.741719 4.59712 0.728395 5.649 1.78028C6.70089 2.83216 8 8 8 8Z",
                          },
                        ],
                      }
                    }
                    overlay={true}
                    showBorder={false}
                    size={50}
                  />
                }
              >
                <View
                  color="#000000"
                  height={50}
                  opacity={0.08}
                  width={50}
                  x={0}
                  y={0}
                />
              </View>
            </View>
          </View>
        </View>
      </View>
      <View
        style={
          [
            {
              "display": "flex",
              "flexGrow": 0,
              "flexShrink": 0,
              "width": 8,
            },
          ]
        }
      />
      <View
        style={
          [
            {
              "alignItems": "flex-start",
              "display": "flex",
              "flexShrink": 1,
            },
          ]
        }
      >
        <View
          style={
            [
              {
                "alignItems": "center",
                "display": "flex",
                "flexDirection": "row",
                "justifyContent": "center",
              },
            ]
          }
        >
          <Text
            allowFontScaling={true}
            ellipsizeMode="tail"
            maxFontSizeMultiplier={1.4}
            numberOfLines={1}
            style={
              [
                {
                  "color": "#0E1524",
                  "display": "flex",
                  "fontFamily": "Inter-Medium",
                  "fontSize": 15,
                  "lineHeight": 20,
                },
              ]
            }
            testID="address-display/name/0x​82D5...3Fa6"
          >
            0x​82D5...3Fa6
          </Text>
        </View>
      </View>
    </View>
  </View>
  <View
    style={
      [
        {
          "display": "flex",
          "flexGrow": 0,
          "flexShrink": 0,
          "height": 16,
          "width": 16,
        },
      ]
    }
  />
  <View
    style={
      [
        {
          "alignItems": "stretch",
          "display": "flex",
          "flex": 1,
          "flexDirection": "row",
          "flexShrink": 1,
          "justifyContent": "flex-end",
        },
      ]
    }
  >
    <Text
      allowFontScaling={true}
      maxFontSizeMultiplier={1.4}
      style={
        [
          {
            "color": "#5D6785",
            "display": "flex",
            "fontFamily": "Inter-Medium",
            "fontSize": 15,
            "lineHeight": 20,
          },
        ]
      }
    >
      0x82D5...3Fa6
    </Text>
  </View>
</View>
`;

exports[`AccountDetails renders without error with chevron 1`] = `
<View
  style={
    [
      {
        "alignItems": "center",
        "display": "flex",
        "flexDirection": "row",
        "flexShrink": 1,
        "justifyContent": "space-between",
      },
    ]
  }
>
  <View
    style={
      [
        {
          "alignItems": "stretch",
          "display": "flex",
          "flex": 1,
          "flexDirection": "row",
          "flexShrink": 1,
          "justifyContent": "flex-start",
        },
      ]
    }
  >
    <View
      style={
        [
          {
            "alignItems": "center",
            "display": "flex",
            "flexDirection": "row",
            "justifyContent": "flex-start",
          },
        ]
      }
    >
      <View
        style={
          [
            {
              "backgroundColor": "transparent",
              "borderColor": "transparent",
              "borderRadius": 999999,
              "borderWidth": 0,
              "display": "flex",
              "position": "relative",
            },
            {
              "padding": 0,
            },
          ]
        }
      >
        <View
          style={
            [
              {
                "display": "flex",
                "height": 50,
                "width": 50,
              },
            ]
          }
        >
          <View
            style={
              [
                {
                  "display": "flex",
                  "height": 50,
                  "width": 50,
                },
              ]
            }
          >
            <View
              style={
                {
                  "flex": 1,
                }
              }
            >
              <View
                clip={true}
                mask={
                  <UniconMask
                    attributeData={
                      {
                        "0": "#6100FF",
                        "1": "#76D191",
                        "2": [
                          {
                            "fillType": "evenOdd",
                            "path": "M31 33V16C31 8.8203 25.1797 3 18 3C10.8203 3 5 8.8203 5 16V33H31ZM18 0C9.16344 0 2 7.16344 2 16V35.807C2 35.9136 2.08642 36 2.19303 36H33.807C33.9136 36 34 35.9136 34 35.807V16C34 7.16344 26.8366 0 18 0Z",
                          },
                        ],
                        "3": [
                          {
                            "path": "M8 8C8 8 13.1678 6.70089 14.2197 5.649C15.2716 4.59712 15.2583 2.87836 14.19 1.81004C13.1216 0.741719 11.4029 0.728395 10.351 1.78028C9.29911 2.83216 8 8 8 8Z",
                          },
                          {
                            "path": "M8 8C8 8 13.1678 9.29911 14.2197 10.351C15.2716 11.4029 15.2583 13.1216 14.19 14.19C13.1216 15.2583 11.4029 15.2716 10.351 14.2197C9.29911 13.1678 8 8 8 8Z",
                          },
                          {
                            "path": "M1.78028 10.351C2.83216 9.29911 8 8 8 8C8 8 6.70089 13.1678 5.649 14.2197C4.59712 15.2716 2.87836 15.2583 1.81004 14.19C0.741719 13.1216 0.728395 11.4029 1.78028 10.351Z",
                          },
                          {
                            "path": "M8 8C8 8 2.83216 6.70089 1.78028 5.649C0.728395 4.59712 0.741719 2.87836 1.81004 1.81004C2.87836 0.741719 4.59712 0.728395 5.649 1.78028C6.70089 2.83216 8 8 8 8Z",
                          },
                        ],
                      }
                    }
                    showBorder={false}
                    size={50}
                  />
                }
              >
                <View
                  transform={
                    [
                      {
                        "scale": 1.3513513513513513,
                      },
                    ]
                  }
                >
                  <View
                    height={37}
                    width={37}
                    x={0}
                    y={0}
                  >
                    <View
                      colors={
                        [
                          "#6100FF",
                          "#76D191",
                        ]
                      }
                      end={null}
                      start={null}
                    />
                  </View>
                  <View
                    color="#D3EBA3"
                    cx={18.5}
                    cy={-13.36111111111111}
                    r={30.833333333333336}
                  >
                    <View
                      blur={15}
                    />
                  </View>
                </View>
              </View>
              <View
                clip={true}
                mask={
                  <UniconMask
                    attributeData={
                      {
                        "0": "#6100FF",
                        "1": "#76D191",
                        "2": [
                          {
                            "fillType": "evenOdd",
                            "path": "M31 33V16C31 8.8203 25.1797 3 18 3C10.8203 3 5 8.8203 5 16V33H31ZM18 0C9.16344 0 2 7.16344 2 16V35.807C2 35.9136 2.08642 36 2.19303 36H33.807C33.9136 36 34 35.9136 34 35.807V16C34 7.16344 26.8366 0 18 0Z",
                          },
                        ],
                        "3": [
                          {
                            "path": "M8 8C8 8 13.1678 6.70089 14.2197 5.649C15.2716 4.59712 15.2583 2.87836 14.19 1.81004C13.1216 0.741719 11.4029 0.728395 10.351 1.78028C9.29911 2.83216 8 8 8 8Z",
                          },
                          {
                            "path": "M8 8C8 8 13.1678 9.29911 14.2197 10.351C15.2716 11.4029 15.2583 13.1216 14.19 14.19C13.1216 15.2583 11.4029 15.2716 10.351 14.2197C9.29911 13.1678 8 8 8 8Z",
                          },
                          {
                            "path": "M1.78028 10.351C2.83216 9.29911 8 8 8 8C8 8 6.70089 13.1678 5.649 14.2197C4.59712 15.2716 2.87836 15.2583 1.81004 14.19C0.741719 13.1216 0.728395 11.4029 1.78028 10.351Z",
                          },
                          {
                            "path": "M8 8C8 8 2.83216 6.70089 1.78028 5.649C0.728395 4.59712 0.741719 2.87836 1.81004 1.81004C2.87836 0.741719 4.59712 0.728395 5.649 1.78028C6.70089 2.83216 8 8 8 8Z",
                          },
                        ],
                      }
                    }
                    overlay={true}
                    showBorder={false}
                    size={50}
                  />
                }
              >
                <View
                  color="#000000"
                  height={50}
                  opacity={0.08}
                  width={50}
                  x={0}
                  y={0}
                />
              </View>
            </View>
          </View>
        </View>
      </View>
      <View
        style={
          [
            {
              "display": "flex",
              "flexGrow": 0,
              "flexShrink": 0,
              "width": 8,
            },
          ]
        }
      />
      <View
        style={
          [
            {
              "alignItems": "flex-start",
              "display": "flex",
              "flexShrink": 1,
            },
          ]
        }
      >
        <View
          style={
            [
              {
                "alignItems": "center",
                "display": "flex",
                "flexDirection": "row",
                "justifyContent": "center",
              },
            ]
          }
        >
          <Text
            allowFontScaling={true}
            ellipsizeMode="tail"
            maxFontSizeMultiplier={1.4}
            numberOfLines={1}
            style={
              [
                {
                  "color": "#0E1524",
                  "display": "flex",
                  "fontFamily": "Inter-Medium",
                  "fontSize": 15,
                  "lineHeight": 20,
                },
              ]
            }
            testID="address-display/name/0x​82D5...3Fa6"
          >
            0x​82D5...3Fa6
          </Text>
        </View>
      </View>
    </View>
  </View>
  <View
    style={
      [
        {
          "display": "flex",
          "flexGrow": 0,
          "flexShrink": 0,
          "height": 16,
          "width": 16,
        },
      ]
    }
  />
  <View
    style={
      [
        {
          "alignItems": "stretch",
          "display": "flex",
          "flex": 1,
          "flexDirection": "row",
          "flexShrink": 1,
          "justifyContent": "flex-end",
        },
      ]
    }
  >
    <Text
      allowFontScaling={true}
      maxFontSizeMultiplier={1.4}
      style={
        [
          {
            "color": "#5D6785",
            "display": "flex",
            "fontFamily": "Inter-Medium",
            "fontSize": 15,
            "lineHeight": 20,
          },
        ]
      }
    >
      0x82D5...3Fa6
    </Text>
    <View
      style={
        [
          {
            "display": "flex",
            "flexGrow": 0,
            "flexShrink": 0,
            "height": 4,
            "width": 4,
          },
        ]
      }
    />
    <View
      style={
        [
          {
            "alignItems": "center",
            "borderRadius": 999999,
            "display": "flex",
            "justifyContent": "center",
          },
          {
            "transform": [
              {
                "rotate": "180deg",
              },
            ],
          },
        ]
      }
    >
      <RNSVGSvgView
        align="xMidYMid"
        bbHeight="50"
        bbWidth="50"
        fill="none"
        focusable={false}
        height={50}
        meetOrSlice={0}
        minX={0}
        minY={0}
        style={
          [
            {
              "backgroundColor": "transparent",
              "borderWidth": 0,
            },
            {
              "flex": 0,
              "height": 50,
              "width": 50,
            },
          ]
        }
        vbHeight={24}
        vbWidth={26}
        width={50}
      >
        <RNSVGGroup
          fill={null}
          propList={
            [
              "fill",
            ]
          }
        >
          <RNSVGPath
            d="M15 6L9 12L15 18"
            fill={
              {
                "payload": 4278190080,
                "type": 0,
              }
            }
            propList={
              [
                "stroke",
                "strokeWidth",
                "strokeLinecap",
                "strokeLinejoin",
              ]
            }
            stroke={
              {
                "payload": 4284311429,
                "type": 0,
              }
            }
            strokeLinecap={1}
            strokeLinejoin={1}
            strokeWidth="3"
          />
        </RNSVGGroup>
      </RNSVGSvgView>
    </View>
  </View>
</View>
`;
