// Jest Snapshot v1, https://goo.gl/fbAQLP

exports[`BackupScreen renders backup options when none are completed 1`] = `
<View
  style={
    [
      {
        "backgroundColor": "#FFFFFF",
        "display": "flex",
        "flex": 1,
      },
      {
        "paddingTop": 200,
      },
    ]
  }
>
  <View
    onLayout={[Function]}
    style={
      [
        [
          {
            "flex": 1,
            "justifyContent": "flex-end",
          },
          {
            "marginBottom": undefined,
          },
        ],
        {
          "paddingBottom": 0,
        },
      ]
    }
  >
    <View
      style={
        [
          {
            "alignItems": "stretch",
            "display": "flex",
            "flexDirection": "column",
            "flexGrow": 1,
            "justifyContent": "flex-start",
            "paddingBottom": 16,
            "paddingHorizontal": 16,
          },
        ]
      }
    >
      <View
        style={
          [
            {
              "alignItems": "center",
              "display": "flex",
              "flexDirection": "column",
              "justifyContent": "center",
              "margin": 12,
            },
          ]
        }
      >
        <Text
          allowFontScaling={false}
          maxFontSizeMultiplier={1.2}
          style={
            [
              {
                "color": "#0E1524",
                "display": "flex",
                "fontFamily": "Inter-Medium",
                "fontSize": 24,
                "lineHeight": 28,
                "paddingTop": 0,
                "textAlign": "center",
              },
            ]
          }
        >
          Back up your recovery phrase
        </Text>
        <View
          style={
            [
              {
                "display": "flex",
                "flexGrow": 0,
                "flexShrink": 0,
                "height": 12,
              },
            ]
          }
        />
        <Text
          allowFontScaling={true}
          maxFontSizeMultiplier={1.4}
          style={
            [
              {
                "color": "#5D6785",
                "display": "flex",
                "fontFamily": "Inter-Regular",
                "fontSize": 15,
                "lineHeight": 20,
                "textAlign": "center",
              },
            ]
          }
        >
          Your recovery phrase is the key to your wallet. Back it up so you can restore your wallet if you lose or damage your device.
        </Text>
      </View>
      <View
        style={
          [
            {
              "display": "flex",
              "flexGrow": 0,
              "flexShrink": 0,
              "height": 16,
            },
          ]
        }
      />
      <View
        style={
          [
            {
              "alignItems": "stretch",
              "display": "flex",
              "flex": 1,
              "flexDirection": "column",
              "flexGrow": 1,
              "justifyContent": "space-between",
            },
          ]
        }
      >
        <View
          style={
            [
              {
                "alignItems": "stretch",
                "display": "flex",
                "flexDirection": "column",
                "flexGrow": 1,
                "justifyContent": "flex-start",
              },
            ]
          }
        >
          <View
            style={
              [
                {
                  "alignItems": "stretch",
                  "display": "flex",
                  "flexDirection": "column",
                  "justifyContent": "flex-start",
                },
              ]
            }
          >
            <View
              style={
                [
                  {
                    "alignItems": "center",
                    "display": "flex",
                    "flexDirection": "row",
                    "justifyContent": "flex-start",
                    "paddingVertical": 16,
                  },
                ]
              }
            >
              <View
                style={
                  [
                    {
                      "alignItems": "center",
                      "borderColor": "#FC72FF",
                      "borderRadius": 12,
                      "borderWidth": 1.25,
                      "display": "flex",
                      "flexDirection": "column",
                      "height": 40,
                      "justifyContent": "center",
                      "padding": 16,
                      "width": 40,
                    },
                  ]
                }
              >
                <svg
                  color="#0E1524"
                  data-file-name="SvgCloud"
                  height={24}
                  strokeWidth={1.5}
                  width={24}
                />
              </View>
              <View
                style={
                  [
                    {
                      "display": "flex",
                      "flexGrow": 0,
                      "flexShrink": 0,
                      "height": 16,
                      "width": 16,
                    },
                  ]
                }
              />
              <Text
                allowFontScaling={true}
                maxFontSizeMultiplier={1.4}
                style={
                  [
                    {
                      "color": "#0E1524",
                      "display": "flex",
                      "fontFamily": "Inter-Medium",
                      "fontSize": 17,
                      "lineHeight": 24,
                    },
                  ]
                }
              >
                iCloud backup
              </Text>
              <View
                style={
                  [
                    {
                      "display": "flex",
                      "flexGrow": 0,
                      "flexShrink": 0,
                      "height": 16,
                      "width": 16,
                    },
                  ]
                }
              />
              <View
                style={
                  [
                    {
                      "alignItems": "flex-end",
                      "display": "flex",
                      "flexDirection": "column",
                      "flexGrow": 1,
                      "justifyContent": "flex-start",
                    },
                  ]
                }
              >
                <View
                  accessible={true}
                  collapsable={false}
                  focusable={true}
                  hitSlop={
                    {
                      "bottom": 5,
                      "left": 5,
                      "right": 5,
                      "top": 5,
                    }
                  }
                  onClick={[Function]}
                  onResponderGrant={[Function]}
                  onResponderMove={[Function]}
                  onResponderRelease={[Function]}
                  onResponderTerminate={[Function]}
                  onResponderTerminationRequest={[Function]}
                  onStartShouldSetResponder={[Function]}
                  style={
                    {
                      "backgroundColor": "#FC72FF1f",
                      "borderRadius": 999999,
                      "display": "flex",
                      "opacity": 1,
                      "padding": 12,
                    }
                  }
                  testID="add-icloud-backup"
                >
                  <View
                    style={
                      [
                        {
                          "alignItems": "stretch",
                          "display": "flex",
                          "flexDirection": "row",
                          "justifyContent": "flex-start",
                        },
                      ]
                    }
                  >
                    <Text
                      allowFontScaling={true}
                      maxFontSizeMultiplier={1.2}
                      style={
                        [
                          {
                            "color": "#FC72FF",
                            "display": "flex",
                            "fontFamily": "Inter-SemiBold",
                            "fontSize": 12,
                            "lineHeight": 17,
                          },
                        ]
                      }
                    >
                      + 
                      ADD
                    </Text>
                  </View>
                </View>
              </View>
            </View>
            <View
              style={
                [
                  {
                    "borderBottomColor": "#D2D9EE",
                    "borderBottomWidth": 0.5,
                    "display": "flex",
                    "flexGrow": 0,
                    "flexShrink": 0,
                    "height": 0,
                  },
                ]
              }
            />
            <View
              style={
                [
                  {
                    "alignItems": "center",
                    "display": "flex",
                    "flexDirection": "row",
                    "justifyContent": "flex-start",
                    "paddingVertical": 16,
                  },
                ]
              }
            >
              <View
                style={
                  [
                    {
                      "alignItems": "center",
                      "borderColor": "#FC72FF",
                      "borderRadius": 12,
                      "borderWidth": 1.25,
                      "display": "flex",
                      "flexDirection": "column",
                      "height": 40,
                      "justifyContent": "center",
                      "padding": 16,
                      "width": 40,
                    },
                  ]
                }
              >
                <svg
                  color="#0E1524"
                  data-file-name="SvgPencil"
                  height={24}
                  strokeWidth={1.5}
                  width={24}
                />
              </View>
              <View
                style={
                  [
                    {
                      "display": "flex",
                      "flexGrow": 0,
                      "flexShrink": 0,
                      "height": 16,
                      "width": 16,
                    },
                  ]
                }
              />
              <Text
                allowFontScaling={true}
                maxFontSizeMultiplier={1.4}
                style={
                  [
                    {
                      "color": "#0E1524",
                      "display": "flex",
                      "fontFamily": "Inter-Medium",
                      "fontSize": 17,
                      "lineHeight": 24,
                    },
                  ]
                }
              >
                Manual backup
              </Text>
              <View
                style={
                  [
                    {
                      "display": "flex",
                      "flexGrow": 0,
                      "flexShrink": 0,
                      "height": 16,
                      "width": 16,
                    },
                  ]
                }
              />
              <View
                style={
                  [
                    {
                      "alignItems": "flex-end",
                      "display": "flex",
                      "flexDirection": "column",
                      "flexGrow": 1,
                      "justifyContent": "flex-start",
                    },
                  ]
                }
              >
                <View
                  accessible={true}
                  collapsable={false}
                  focusable={true}
                  hitSlop={
                    {
                      "bottom": 5,
                      "left": 5,
                      "right": 5,
                      "top": 5,
                    }
                  }
                  onClick={[Function]}
                  onResponderGrant={[Function]}
                  onResponderMove={[Function]}
                  onResponderRelease={[Function]}
                  onResponderTerminate={[Function]}
                  onResponderTerminationRequest={[Function]}
                  onStartShouldSetResponder={[Function]}
                  style={
                    {
                      "backgroundColor": "#FC72FF1f",
                      "borderRadius": 999999,
                      "display": "flex",
                      "opacity": 1,
                      "padding": 12,
                    }
                  }
                  testID="add-manual-backup"
                >
                  <View
                    style={
                      [
                        {
                          "alignItems": "stretch",
                          "display": "flex",
                          "flexDirection": "row",
                          "justifyContent": "flex-start",
                        },
                      ]
                    }
                  >
                    <Text
                      allowFontScaling={true}
                      maxFontSizeMultiplier={1.2}
                      style={
                        [
                          {
                            "color": "#FC72FF",
                            "display": "flex",
                            "fontFamily": "Inter-SemiBold",
                            "fontSize": 12,
                            "lineHeight": 17,
                          },
                        ]
                      }
                    >
                      + 
                      ADD
                    </Text>
                  </View>
                </View>
              </View>
            </View>
          </View>
          <View
            style={
              [
                {
                  "display": "flex",
                  "flexGrow": 0,
                  "flexShrink": 0,
                  "height": 16,
                },
              ]
            }
          />
          <View
            accessible={true}
            collapsable={false}
            focusable={true}
            hitSlop={
              {
                "bottom": 5,
                "left": 5,
                "right": 5,
                "top": 5,
              }
            }
            onClick={[Function]}
            onResponderGrant={[Function]}
            onResponderMove={[Function]}
            onResponderRelease={[Function]}
            onResponderTerminate={[Function]}
            onResponderTerminationRequest={[Function]}
            onStartShouldSetResponder={[Function]}
            style={
              {
                "alignSelf": "flex-start",
                "display": "flex",
                "opacity": 1,
                "paddingVertical": 0,
              }
            }
          >
            <View
              style={
                [
                  {
                    "alignItems": "center",
                    "display": "flex",
                    "flexDirection": "row",
                    "justifyContent": "center",
                  },
                ]
              }
            >
              <View
                style={
                  [
                    {
                      "display": "flex",
                      "paddingHorizontal": 4,
                    },
                  ]
                }
              >
                <svg
                  color="#5D6785"
                  data-file-name="SvgInfoCircle"
                  height={24}
                  width={24}
                />
              </View>
              <View
                style={
                  [
                    {
                      "display": "flex",
                      "flexGrow": 0,
                      "flexShrink": 0,
                      "height": 4,
                      "width": 4,
                    },
                  ]
                }
              />
              <Text
                allowFontScaling={true}
                maxFontSizeMultiplier={1.4}
                style={
                  [
                    {
                      "color": "#0E1524",
                      "display": "flex",
                      "fontFamily": "Inter-Medium",
                      "fontSize": 15,
                      "lineHeight": 20,
                    },
                  ]
                }
              >
                What’s a recovery phrase?
              </Text>
            </View>
          </View>
          <View
            style={
              [
                {
                  "display": "flex",
                  "flexGrow": 0,
                  "flexShrink": 0,
                  "height": 16,
                },
              ]
            }
          />
          <View
            style={
              [
                {
                  "alignItems": "stretch",
                  "display": "flex",
                  "flexDirection": "column",
                  "flexGrow": 1,
                  "justifyContent": "flex-end",
                },
              ]
            }
          >
            <View
              accessibilityState={
                {
                  "disabled": true,
                }
              }
              accessible={true}
              collapsable={false}
              focusable={true}
              hitSlop={
                {
                  "bottom": 5,
                  "left": 5,
                  "right": 5,
                  "top": 5,
                }
              }
              onClick={[Function]}
              onResponderGrant={[Function]}
              onResponderMove={[Function]}
              onResponderRelease={[Function]}
              onResponderTerminate={[Function]}
              onResponderTerminationRequest={[Function]}
              onStartShouldSetResponder={[Function]}
              style={
                {
                  "alignItems": "center",
                  "backgroundColor": "#FC72FF",
                  "borderColor": "transparent",
                  "borderRadius": 16,
                  "borderWidth": 1,
                  "display": "flex",
                  "opacity": 0.4,
                }
              }
              testID="next"
            >
              <View
                style={
                  [
                    {
                      "alignItems": "stretch",
                      "display": "flex",
                      "flexDirection": "row",
                      "justifyContent": "flex-start",
                      "paddingHorizontal": 12,
                      "paddingVertical": 12,
                    },
                  ]
                }
              >
                <Text
                  allowFontScaling={true}
                  maxFontSizeMultiplier={1.2}
                  style={
                    [
                      {
                        "color": "#FFFFFF",
                        "display": "flex",
                        "fontFamily": "Inter-SemiBold",
                        "fontSize": 17,
                        "lineHeight": 20,
                        "textAlign": "center",
                      },
                    ]
                  }
                >
                  Add backup to continue
                </Text>
              </View>
            </View>
          </View>
        </View>
      </View>
    </View>
  </View>
</View>
`;

exports[`BackupScreen renders backup options when some are completed 1`] = `
<View
  style={
    [
      {
        "backgroundColor": "#FFFFFF",
        "display": "flex",
        "flex": 1,
      },
      {
        "paddingTop": 200,
      },
    ]
  }
>
  <View
    onLayout={[Function]}
    style={
      [
        [
          {
            "flex": 1,
            "justifyContent": "flex-end",
          },
          {
            "marginBottom": undefined,
          },
        ],
        {
          "paddingBottom": 0,
        },
      ]
    }
  >
    <View
      style={
        [
          {
            "alignItems": "stretch",
            "display": "flex",
            "flexDirection": "column",
            "flexGrow": 1,
            "justifyContent": "flex-start",
            "paddingBottom": 16,
            "paddingHorizontal": 16,
          },
        ]
      }
    >
      <View
        style={
          [
            {
              "alignItems": "center",
              "display": "flex",
              "flexDirection": "column",
              "justifyContent": "center",
              "margin": 12,
            },
          ]
        }
      >
        <Text
          allowFontScaling={false}
          maxFontSizeMultiplier={1.2}
          style={
            [
              {
                "color": "#0E1524",
                "display": "flex",
                "fontFamily": "Inter-Medium",
                "fontSize": 24,
                "lineHeight": 28,
                "paddingTop": 0,
                "textAlign": "center",
              },
            ]
          }
        >
          Back up your recovery phrase
        </Text>
        <View
          style={
            [
              {
                "display": "flex",
                "flexGrow": 0,
                "flexShrink": 0,
                "height": 12,
              },
            ]
          }
        />
        <Text
          allowFontScaling={true}
          maxFontSizeMultiplier={1.4}
          style={
            [
              {
                "color": "#5D6785",
                "display": "flex",
                "fontFamily": "Inter-Regular",
                "fontSize": 15,
                "lineHeight": 20,
                "textAlign": "center",
              },
            ]
          }
        >
          Your recovery phrase is the key to your wallet. Back it up so you can restore your wallet if you lose or damage your device.
        </Text>
      </View>
      <View
        style={
          [
            {
              "display": "flex",
              "flexGrow": 0,
              "flexShrink": 0,
              "height": 16,
            },
          ]
        }
      />
      <View
        style={
          [
            {
              "alignItems": "stretch",
              "display": "flex",
              "flex": 1,
              "flexDirection": "column",
              "flexGrow": 1,
              "justifyContent": "space-between",
            },
          ]
        }
      >
        <View
          style={
            [
              {
                "alignItems": "stretch",
                "display": "flex",
                "flexDirection": "column",
                "flexGrow": 1,
                "justifyContent": "flex-start",
              },
            ]
          }
        >
          <View
            style={
              [
                {
                  "alignItems": "stretch",
                  "display": "flex",
                  "flexDirection": "column",
                  "justifyContent": "flex-start",
                },
              ]
            }
          >
            <View
              style={
                [
                  {
                    "alignItems": "center",
                    "display": "flex",
                    "flexDirection": "row",
                    "justifyContent": "flex-start",
                    "paddingVertical": 16,
                  },
                ]
              }
            >
              <View
                style={
                  [
                    {
                      "alignItems": "center",
                      "borderColor": "#FC72FF",
                      "borderRadius": 12,
                      "borderWidth": 1.25,
                      "display": "flex",
                      "flexDirection": "column",
                      "height": 40,
                      "justifyContent": "center",
                      "padding": 16,
                      "width": 40,
                    },
                  ]
                }
              >
                <svg
                  color="#0E1524"
                  data-file-name="SvgCloud"
                  height={24}
                  strokeWidth={1.5}
                  width={24}
                />
              </View>
              <View
                style={
                  [
                    {
                      "display": "flex",
                      "flexGrow": 0,
                      "flexShrink": 0,
                      "height": 16,
                      "width": 16,
                    },
                  ]
                }
              />
              <Text
                allowFontScaling={true}
                maxFontSizeMultiplier={1.4}
                style={
                  [
                    {
                      "color": "#0E1524",
                      "display": "flex",
                      "fontFamily": "Inter-Medium",
                      "fontSize": 17,
                      "lineHeight": 24,
                    },
                  ]
                }
              >
                iCloud backup
              </Text>
              <View
                style={
                  [
                    {
                      "display": "flex",
                      "flexGrow": 0,
                      "flexShrink": 0,
                      "height": 16,
                      "width": 16,
                    },
                  ]
                }
              />
              <View
                style={
                  [
                    {
                      "alignItems": "flex-end",
                      "display": "flex",
                      "flexDirection": "column",
                      "flexGrow": 1,
                      "justifyContent": "flex-start",
                    },
                  ]
                }
              >
                <View
                  style={
                    [
                      {
                        "alignItems": "center",
                        "display": "flex",
                        "flexDirection": "row",
                        "justifyContent": "flex-start",
                      },
                    ]
                  }
                >
                  <svg
                    color="#40B66B"
                    data-file-name="SvgCheck"
                    height={24}
                    width={24}
                  />
                  <View
                    style={
                      [
                        {
                          "display": "flex",
                          "flexGrow": 0,
                          "flexShrink": 0,
                          "height": 4,
                          "width": 4,
                        },
                      ]
                    }
                  />
                  <Text
                    allowFontScaling={true}
                    maxFontSizeMultiplier={1.4}
                    style={
                      [
                        {
                          "color": "#0E1524",
                          "display": "flex",
                          "fontFamily": "Inter-Regular",
                          "fontSize": 12,
                          "fontWeight": "600",
                          "lineHeight": 17,
                        },
                      ]
                    }
                  >
                    Completed
                  </Text>
                </View>
              </View>
            </View>
            <View
              style={
                [
                  {
                    "borderBottomColor": "#D2D9EE",
                    "borderBottomWidth": 0.5,
                    "display": "flex",
                    "flexGrow": 0,
                    "flexShrink": 0,
                    "height": 0,
                  },
                ]
              }
            />
            <View
              style={
                [
                  {
                    "alignItems": "center",
                    "display": "flex",
                    "flexDirection": "row",
                    "justifyContent": "flex-start",
                    "paddingVertical": 16,
                  },
                ]
              }
            >
              <View
                style={
                  [
                    {
                      "alignItems": "center",
                      "borderColor": "#FC72FF",
                      "borderRadius": 12,
                      "borderWidth": 1.25,
                      "display": "flex",
                      "flexDirection": "column",
                      "height": 40,
                      "justifyContent": "center",
                      "padding": 16,
                      "width": 40,
                    },
                  ]
                }
              >
                <svg
                  color="#0E1524"
                  data-file-name="SvgPencil"
                  height={24}
                  strokeWidth={1.5}
                  width={24}
                />
              </View>
              <View
                style={
                  [
                    {
                      "display": "flex",
                      "flexGrow": 0,
                      "flexShrink": 0,
                      "height": 16,
                      "width": 16,
                    },
                  ]
                }
              />
              <Text
                allowFontScaling={true}
                maxFontSizeMultiplier={1.4}
                style={
                  [
                    {
                      "color": "#0E1524",
                      "display": "flex",
                      "fontFamily": "Inter-Medium",
                      "fontSize": 17,
                      "lineHeight": 24,
                    },
                  ]
                }
              >
                Manual backup
              </Text>
              <View
                style={
                  [
                    {
                      "display": "flex",
                      "flexGrow": 0,
                      "flexShrink": 0,
                      "height": 16,
                      "width": 16,
                    },
                  ]
                }
              />
              <View
                style={
                  [
                    {
                      "alignItems": "flex-end",
                      "display": "flex",
                      "flexDirection": "column",
                      "flexGrow": 1,
                      "justifyContent": "flex-start",
                    },
                  ]
                }
              >
                <View
                  accessible={true}
                  collapsable={false}
                  focusable={true}
                  hitSlop={
                    {
                      "bottom": 5,
                      "left": 5,
                      "right": 5,
                      "top": 5,
                    }
                  }
                  onClick={[Function]}
                  onResponderGrant={[Function]}
                  onResponderMove={[Function]}
                  onResponderRelease={[Function]}
                  onResponderTerminate={[Function]}
                  onResponderTerminationRequest={[Function]}
                  onStartShouldSetResponder={[Function]}
                  style={
                    {
                      "backgroundColor": "#FC72FF1f",
                      "borderRadius": 999999,
                      "display": "flex",
                      "opacity": 1,
                      "padding": 12,
                    }
                  }
                  testID="add-manual-backup"
                >
                  <View
                    style={
                      [
                        {
                          "alignItems": "stretch",
                          "display": "flex",
                          "flexDirection": "row",
                          "justifyContent": "flex-start",
                        },
                      ]
                    }
                  >
                    <Text
                      allowFontScaling={true}
                      maxFontSizeMultiplier={1.2}
                      style={
                        [
                          {
                            "color": "#FC72FF",
                            "display": "flex",
                            "fontFamily": "Inter-SemiBold",
                            "fontSize": 12,
                            "lineHeight": 17,
                          },
                        ]
                      }
                    >
                      + 
                      ADD
                    </Text>
                  </View>
                </View>
              </View>
            </View>
          </View>
          <View
            style={
              [
                {
                  "display": "flex",
                  "flexGrow": 0,
                  "flexShrink": 0,
                  "height": 16,
                },
              ]
            }
          />
          <View
            accessible={true}
            collapsable={false}
            focusable={true}
            hitSlop={
              {
                "bottom": 5,
                "left": 5,
                "right": 5,
                "top": 5,
              }
            }
            onClick={[Function]}
            onResponderGrant={[Function]}
            onResponderMove={[Function]}
            onResponderRelease={[Function]}
            onResponderTerminate={[Function]}
            onResponderTerminationRequest={[Function]}
            onStartShouldSetResponder={[Function]}
            style={
              {
                "alignSelf": "flex-start",
                "display": "flex",
                "opacity": 1,
                "paddingVertical": 0,
              }
            }
          >
            <View
              style={
                [
                  {
                    "alignItems": "center",
                    "display": "flex",
                    "flexDirection": "row",
                    "justifyContent": "center",
                  },
                ]
              }
            >
              <View
                style={
                  [
                    {
                      "display": "flex",
                      "paddingHorizontal": 4,
                    },
                  ]
                }
              >
                <svg
                  color="#5D6785"
                  data-file-name="SvgInfoCircle"
                  height={24}
                  width={24}
                />
              </View>
              <View
                style={
                  [
                    {
                      "display": "flex",
                      "flexGrow": 0,
                      "flexShrink": 0,
                      "height": 4,
                      "width": 4,
                    },
                  ]
                }
              />
              <Text
                allowFontScaling={true}
                maxFontSizeMultiplier={1.4}
                style={
                  [
                    {
                      "color": "#0E1524",
                      "display": "flex",
                      "fontFamily": "Inter-Medium",
                      "fontSize": 15,
                      "lineHeight": 20,
                    },
                  ]
                }
              >
                What’s a recovery phrase?
              </Text>
            </View>
          </View>
          <View
            style={
              [
                {
                  "display": "flex",
                  "flexGrow": 0,
                  "flexShrink": 0,
                  "height": 16,
                },
              ]
            }
          />
          <View
            style={
              [
                {
                  "alignItems": "stretch",
                  "display": "flex",
                  "flexDirection": "column",
                  "flexGrow": 1,
                  "justifyContent": "flex-end",
                },
              ]
            }
          >
            <View
              accessibilityState={
                {
                  "disabled": false,
                }
              }
              accessible={true}
              collapsable={false}
              focusable={true}
              hitSlop={
                {
                  "bottom": 5,
                  "left": 5,
                  "right": 5,
                  "top": 5,
                }
              }
              onClick={[Function]}
              onResponderGrant={[Function]}
              onResponderMove={[Function]}
              onResponderRelease={[Function]}
              onResponderTerminate={[Function]}
              onResponderTerminationRequest={[Function]}
              onStartShouldSetResponder={[Function]}
              style={
                {
                  "alignItems": "center",
                  "backgroundColor": "#FC72FF",
                  "borderColor": "transparent",
                  "borderRadius": 16,
                  "borderWidth": 1,
                  "display": "flex",
                  "opacity": 1,
                }
              }
              testID="next"
            >
              <View
                style={
                  [
                    {
                      "alignItems": "stretch",
                      "display": "flex",
                      "flexDirection": "row",
                      "justifyContent": "flex-start",
                      "paddingHorizontal": 12,
                      "paddingVertical": 12,
                    },
                  ]
                }
              >
                <Text
                  allowFontScaling={true}
                  maxFontSizeMultiplier={1.2}
                  style={
                    [
                      {
                        "color": "#FFFFFF",
                        "display": "flex",
                        "fontFamily": "Inter-SemiBold",
                        "fontSize": 17,
                        "lineHeight": 20,
                        "textAlign": "center",
                      },
                    ]
                  }
                >
                  Continue
                </Text>
              </View>
            </View>
          </View>
        </View>
      </View>
    </View>
  </View>
</View>
`;
