// Jest Snapshot v1, https://goo.gl/fbAQLP

exports[`renders a LongText 1`] = `
<View
  sentry-label="Flex"
  style={
    [
      {
        "alignItems": "stretch",
        "display": "flex",
        "flexDirection": "column",
        "justifyContent": "flex-start",
      },
    ]
  }
>
  <View
    onLayout={[Function]}
    style={
      [
        {
          "display": "flex",
        },
      ]
    }
  >
    <Text
      allowFontScaling={true}
      maxFontSizeMultiplier={1.4}
      numberOfLines={3}
      onTextLayout={[Function]}
      style={
        [
          {
            "color": "#222222",
            "display": "flex",
            "fontFamily": "Basel-Book",
            "fontSize": 17,
            "lineHeight": 24,
          },
          {
            "color": "#222222",
          },
        ]
      }
    >
      Some very long text
    </Text>
  </View>
</View>
`;
