// Jest Snapshot v1, https://goo.gl/fbAQLP

exports[`renders trait card 1`] = `
<View
  sentry-label="Flex"
  style={
    [
      {
        "alignItems": "stretch",
        "backgroundColor": "#2222220D",
        "borderRadius": 16,
        "display": "flex",
        "flexDirection": "column",
        "justifyContent": "flex-start",
        "paddingHorizontal": 16,
        "paddingVertical": 12,
      },
    ]
  }
>
  <Text
    allowFontScaling={true}
    maxFontSizeMultiplier={1.2}
    style={
      [
        {
          "color": "#222222",
          "display": "flex",
          "fontFamily": "Basel-Medium",
          "fontSize": 14,
          "lineHeight": 16,
        },
        {
          "color": "#7D7D7D",
        },
      ]
    }
  >
    traitName
  </Text>
  <View
    style={
      [
        {
          "display": "flex",
          "flexGrow": 0,
          "flexShrink": 0,
          "height": 4,
        },
      ]
    }
  />
  <Text
    allowFontScaling={true}
    maxFontSizeMultiplier={1.4}
    style={
      [
        {
          "color": "#222222",
          "display": "flex",
          "fontFamily": "Basel-Book",
          "fontSize": 17,
          "fontWeight": "400",
          "lineHeight": 24,
        },
      ]
    }
  >
    traitValue
  </Text>
</View>
`;
