// Jest Snapshot v1, https://goo.gl/fbAQLP

exports[`RestoreCloudBackupPasswordScreen renders correctly 1`] = `
<View
  style={
    [
      {
        "backgroundColor": "#FFFFFF",
        "display": "flex",
        "flex": 1,
      },
      {
        "paddingTop": 200,
      },
    ]
  }
>
  <View
    onLayout={[Function]}
    style={
      [
        [
          {
            "flex": 1,
            "justifyContent": "flex-end",
          },
          {
            "marginBottom": undefined,
          },
        ],
        {
          "paddingBottom": 0,
        },
      ]
    }
  >
    <View
      style={
        [
          {
            "alignItems": "stretch",
            "display": "flex",
            "flexDirection": "column",
            "flexGrow": 1,
            "justifyContent": "flex-start",
            "paddingBottom": 16,
            "paddingHorizontal": 16,
          },
        ]
      }
    >
      <View
        style={
          [
            {
              "alignItems": "center",
              "display": "flex",
              "flexDirection": "column",
              "justifyContent": "center",
              "margin": 12,
            },
          ]
        }
      >
        <Text
          allowFontScaling={false}
          maxFontSizeMultiplier={1.2}
          style={
            [
              {
                "color": "#0E1524",
                "display": "flex",
                "fontFamily": "Inter-Medium",
                "fontSize": 24,
                "lineHeight": 28,
                "paddingTop": 0,
                "textAlign": "center",
              },
            ]
          }
        >
          Enter your iCloud backup password
        </Text>
        <View
          style={
            [
              {
                "display": "flex",
                "flexGrow": 0,
                "flexShrink": 0,
                "height": 12,
              },
            ]
          }
        />
        <Text
          allowFontScaling={true}
          maxFontSizeMultiplier={1.4}
          style={
            [
              {
                "color": "#5D6785",
                "display": "flex",
                "fontFamily": "Inter-Regular",
                "fontSize": 15,
                "lineHeight": 20,
                "textAlign": "center",
              },
            ]
          }
        >
          This password is required to recover your recovery phrase backup from iCloud.
        </Text>
      </View>
      <View
        style={
          [
            {
              "display": "flex",
              "flexGrow": 0,
              "flexShrink": 0,
              "height": 16,
            },
          ]
        }
      />
      <View
        style={
          [
            {
              "alignItems": "stretch",
              "display": "flex",
              "flex": 1,
              "flexDirection": "column",
              "flexGrow": 1,
              "justifyContent": "space-between",
            },
          ]
        }
      >
        <View
          style={
            [
              {
                "alignItems": "stretch",
                "display": "flex",
                "flexDirection": "column",
                "justifyContent": "flex-start",
              },
            ]
          }
        >
          <View
            style={
              [
                {
                  "alignItems": "center",
                  "backgroundColor": "#FFFFFF",
                  "borderColor": "#D2D9EE",
                  "borderRadius": 12,
                  "borderWidth": 1,
                  "display": "flex",
                  "flexDirection": "row",
                  "justifyContent": "center",
                },
              ]
            }
          >
            <View
              style={
                [
                  {
                    "alignItems": "center",
                    "display": "flex",
                    "flex": 1,
                    "flexDirection": "row",
                    "flexGrow": 1,
                    "justifyContent": "flex-start",
                    "minHeight": 48,
                  },
                ]
              }
            >
              <TextInput
                autoCapitalize="none"
                autoComplete="off"
                autoCorrect={false}
                autoFocus={true}
                blurOnSubmit={false}
                clearTextOnFocus={false}
                editable={true}
                onChangeText={[Function]}
                onSubmitEditing={[Function]}
                placeholder="Enter password"
                placeholderTextColor="#888FAB"
                returnKeyType="done"
                secureTextEntry={true}
                selectionColor="#888FAB"
                style={
                  [
                    {
                      "backgroundColor": "transparent",
                      "borderRadius": 12,
                      "borderWidth": 0,
                      "color": "#0E1524",
                      "flex": 1,
                      "fontFamily": "Inter-Medium",
                      "fontSize": 15,
                      "paddingHorizontal": 16,
                      "paddingVertical": 12,
                    },
                  ]
                }
                textContentType="none"
                value=""
              />
              <View
                style={
                  [
                    {
                      "display": "flex",
                      "flexGrow": 0,
                      "flexShrink": 0,
                      "height": 0,
                      "width": 0,
                    },
                  ]
                }
              />
              <View
                style={
                  [
                    {
                      "alignItems": "stretch",
                      "display": "flex",
                      "flexDirection": "column",
                      "justifyContent": "flex-start",
                      "marginHorizontal": 12,
                    },
                  ]
                }
              >
                <View
                  accessible={true}
                  collapsable={false}
                  focusable={true}
                  hitSlop={
                    {
                      "bottom": 5,
                      "left": 5,
                      "right": 5,
                      "top": 5,
                    }
                  }
                  onClick={[Function]}
                  onResponderGrant={[Function]}
                  onResponderMove={[Function]}
                  onResponderRelease={[Function]}
                  onResponderTerminate={[Function]}
                  onResponderTerminationRequest={[Function]}
                  onStartShouldSetResponder={[Function]}
                  style={
                    {
                      "display": "flex",
                      "opacity": 1,
                      "padding": 4,
                    }
                  }
                >
                  <svg
                    color="#5D6785"
                    data-file-name="SvgEyeOff"
                    height={20}
                    width={20}
                  />
                </View>
              </View>
            </View>
          </View>
        </View>
        <View
          style={
            [
              {
                "display": "flex",
                "flexGrow": 0,
                "flexShrink": 0,
                "height": 16,
              },
            ]
          }
        />
        <View
          accessibilityState={
            {
              "disabled": true,
            }
          }
          accessible={true}
          collapsable={false}
          focusable={true}
          hitSlop={
            {
              "bottom": 5,
              "left": 5,
              "right": 5,
              "top": 5,
            }
          }
          onClick={[Function]}
          onResponderGrant={[Function]}
          onResponderMove={[Function]}
          onResponderRelease={[Function]}
          onResponderTerminate={[Function]}
          onResponderTerminationRequest={[Function]}
          onStartShouldSetResponder={[Function]}
          style={
            {
              "alignItems": "center",
              "backgroundColor": "#FC72FF",
              "borderColor": "transparent",
              "borderRadius": 16,
              "borderWidth": 1,
              "display": "flex",
              "opacity": 0.4,
            }
          }
          testID="submit"
        >
          <View
            style={
              [
                {
                  "alignItems": "stretch",
                  "display": "flex",
                  "flexDirection": "row",
                  "justifyContent": "flex-start",
                  "paddingHorizontal": 12,
                  "paddingVertical": 12,
                },
              ]
            }
          >
            <Text
              allowFontScaling={true}
              maxFontSizeMultiplier={1.2}
              style={
                [
                  {
                    "color": "#FFFFFF",
                    "display": "flex",
                    "fontFamily": "Inter-SemiBold",
                    "fontSize": 17,
                    "lineHeight": 20,
                    "textAlign": "center",
                  },
                ]
              }
            >
              Continue
            </Text>
          </View>
        </View>
      </View>
    </View>
  </View>
</View>
`;
