// Jest Snapshot v1, https://goo.gl/fbAQLP

exports[`SeedPhraseInputScreen seed phrase initial screen rendering 1`] = `
<View
  sentry-label="Screen"
  style={
    {
      "alignItems": "stretch",
      "backgroundColor": "#FFFFFF",
      "flex": 1,
      "flexDirection": "column",
      "gap": 0,
      "paddingLeft": undefined,
      "paddingRight": undefined,
    }
  }
>
  <View
    onLayout={[Function]}
    style={
      [
        [
          {
            "flex": 1,
            "justifyContent": "flex-end",
          },
          {
            "marginBottom": 10,
          },
        ],
        {
          "paddingBottom": 0,
        },
      ]
    }
  >
    <RCTScrollView
      bounces={false}
      contentContainerStyle={
        {
          "flexGrow": 1,
        }
      }
      keyboardShouldPersistTaps="handled"
    >
      <View>
        <View
          entering={BaseAnimationMock {}}
          exiting={BaseAnimationMock {}}
          sentry-label="Flex"
          style={
            [
              {
                "alignItems": "stretch",
                "display": "flex",
                "flexDirection": "column",
                "justifyContent": "flex-start",
                "minHeight": 0,
                "paddingBottom": 16,
                "paddingHorizontal": 16,
              },
              [
                {
                  "flexGrow": 1,
                },
                {
                  "paddingTop": 200,
                },
              ],
            ]
          }
        >
          <View
            sentry-label="Flex"
            style={
              [
                {
                  "alignItems": "stretch",
                  "display": "flex",
                  "flexDirection": "column",
                  "justifyContent": "flex-start",
                  "margin": 12,
                },
              ]
            }
          >
            <Text
              allowFontScaling={true}
              maxFontSizeMultiplier={1.2}
              style={
                [
                  {
                    "color": "#222222",
                    "display": "flex",
                    "fontFamily": "Basel-Book",
                    "fontSize": 25,
                    "fontWeight": "400",
                    "lineHeight": 32,
                    "paddingTop": 0,
                    "textAlign": "center",
                  },
                ]
              }
            >
              Enter your recovery phrase
            </Text>
            <View
              style={
                [
                  {
                    "display": "flex",
                    "flexGrow": 0,
                    "flexShrink": 0,
                    "height": 12,
                  },
                ]
              }
            />
            <Text
              allowFontScaling={true}
              maxFontSizeMultiplier={1.4}
              style={
                [
                  {
                    "color": "#7D7D7D",
                    "display": "flex",
                    "fontFamily": "Basel-Book",
                    "fontSize": 17,
                    "lineHeight": 24,
                    "textAlign": "center",
                  },
                ]
              }
            >
              Your recovery phrase will only be stored locally on your device.
            </Text>
          </View>
          <View
            style={
              [
                {
                  "display": "flex",
                  "flexGrow": 0,
                  "flexShrink": 0,
                  "height": 16,
                },
              ]
            }
          />
          <View
            sentry-label="Flex"
            style={
              [
                {
                  "alignItems": "stretch",
                  "display": "flex",
                  "flexDirection": "column",
                  "flexGrow": 1,
                  "justifyContent": "space-between",
                },
              ]
            }
          >
            <View
              sentry-label="Flex"
              style={
                [
                  {
                    "alignItems": "stretch",
                    "display": "flex",
                    "flexDirection": "column",
                    "justifyContent": "flex-start",
                  },
                ]
              }
            >
              <View
                onTouchEnd={[Function]}
                sentry-label="Flex"
                style={
                  [
                    {
                      "alignItems": "stretch",
                      "display": "flex",
                      "flexDirection": "column",
                      "justifyContent": "flex-start",
                    },
                  ]
                }
              >
                <View
                  sentry-label="Flex"
                  style={
                    [
                      {
                        "alignItems": "center",
                        "backgroundColor": "#F9F9F9",
                        "borderColor": "#F9F9F9",
                        "borderRadius": 20,
                        "borderWidth": 1,
                        "display": "flex",
                        "flexDirection": "column",
                        "flexShrink": 1,
                        "justifyContent": "center",
                        "minHeight": 120,
                        "paddingHorizontal": 36,
                        "paddingVertical": 16,
                        "width": "100%",
                      },
                    ]
                  }
                >
                  <View
                    style={
                      [
                        {
                          "alignItems": "flex-end",
                          "display": "flex",
                          "flexDirection": "row",
                          "justifyContent": "center",
                          "width": "100%",
                        },
                      ]
                    }
                  >
                    <TextInput
                      autoCapitalize="none"
                      autoComplete="off"
                      autoCorrect={true}
                      autoFocus={true}
                      blurOnSubmit={true}
                      maxFontSizeMultiplier={1.4}
                      multiline={true}
                      onBlur={[Function]}
                      onChangeText={[Function]}
                      onFocus={[Function]}
                      onSubmitEditing={[Function]}
                      placeholderTextColor="#CECECE"
                      returnKeyType="done"
                      scrollEnabled={false}
                      selectionColor="#222222"
                      spellCheck={false}
                      style={
                        [
                          {
                            "backgroundColor": "transparent",
                            "borderRadius": 12,
                            "color": "#222222",
                            "fontSize": 19,
                            "justifyContent": "center",
                            "lineHeight": 19,
                            "paddingHorizontal": 0,
                            "paddingVertical": 0,
                            "textAlign": "left",
                            "width": 8,
                          },
                        ]
                      }
                      testID="import_account_form/input"
                      textAlignVertical="bottom"
                    />
                  </View>
                  <View
                    style={
                      [
                        {
                          "display": "flex",
                          "flexGrow": 0,
                          "flexShrink": 0,
                          "height": 0,
                        },
                      ]
                    }
                  />
                  <View
                    onLayout={[Function]}
                    sentry-label="Flex"
                    style={
                      [
                        {
                          "alignItems": "center",
                          "display": "flex",
                          "flexDirection": "row",
                          "flexGrow": 1,
                          "justifyContent": "center",
                          "paddingTop": 4,
                          "position": "absolute",
                        },
                      ]
                    }
                  >
                    <Text
                      adjustsFontSizeToFit={true}
                      allowFontScaling={true}
                      maxFontSizeMultiplier={1.4}
                      numberOfLines={1}
                      style={
                        [
                          {
                            "color": "#7D7D7D",
                            "display": "flex",
                            "fontFamily": "Basel-Book",
                            "fontSize": 19,
                            "fontWeight": "400",
                            "lineHeight": 24,
                          },
                          {
                            "flexShrink": 1,
                          },
                        ]
                      }
                    >
                      Type or
                    </Text>
                    <View
                      style={
                        [
                          {
                            "display": "flex",
                            "flexGrow": 0,
                            "flexShrink": 0,
                            "height": 8,
                            "width": 8,
                          },
                        ]
                      }
                    />
                    <View
                      accessibilityState={
                        {
                          "busy": undefined,
                          "checked": undefined,
                          "disabled": false,
                          "expanded": undefined,
                          "selected": undefined,
                        }
                      }
                      accessibilityValue={
                        {
                          "max": undefined,
                          "min": undefined,
                          "now": undefined,
                          "text": undefined,
                        }
                      }
                      accessible={true}
                      collapsable={false}
                      focusable={true}
                      hitSlop={
                        {
                          "bottom": 5,
                          "left": 5,
                          "right": 5,
                          "top": 5,
                        }
                      }
                      onClick={[Function]}
                      onResponderGrant={[Function]}
                      onResponderMove={[Function]}
                      onResponderRelease={[Function]}
                      onResponderTerminate={[Function]}
                      onResponderTerminationRequest={[Function]}
                      onStartShouldSetResponder={[Function]}
                      style={
                        {
                          "alignItems": "center",
                          "backgroundColor": "transparent",
                          "borderColor": "#2222220D",
                          "borderRadius": 12,
                          "borderWidth": 1,
                          "display": "flex",
                          "opacity": 1,
                        }
                      }
                    >
                      <View
                        sentry-label="Flex"
                        style={
                          [
                            {
                              "alignItems": "center",
                              "display": "flex",
                              "flexDirection": "row",
                              "justifyContent": "flex-start",
                              "paddingHorizontal": 8,
                              "paddingVertical": 8,
                            },
                          ]
                        }
                      >
                        <svg
                          color="#222222"
                          data-file-name="SvgPaste"
                          height={16}
                          strokeWidth={2}
                          width={16}
                        />
                        <View
                          style={
                            [
                              {
                                "display": "flex",
                                "flexGrow": 0,
                                "flexShrink": 0,
                                "height": 4,
                                "width": 4,
                              },
                            ]
                          }
                        />
                        <Text
                          allowFontScaling={true}
                          maxFontSizeMultiplier={1.2}
                          style={
                            [
                              {
                                "color": "#222222",
                                "display": "flex",
                                "fontFamily": "Basel-Medium",
                                "fontSize": 17,
                                "fontWeight": "500",
                                "lineHeight": 24,
                                "textAlign": "center",
                              },
                            ]
                          }
                        >
                          Paste
                        </Text>
                      </View>
                    </View>
                    <View
                      style={
                        [
                          {
                            "display": "flex",
                            "flexGrow": 0,
                            "flexShrink": 0,
                            "height": 8,
                            "width": 8,
                          },
                        ]
                      }
                    />
                    <Text
                      adjustsFontSizeToFit={true}
                      allowFontScaling={true}
                      maxFontSizeMultiplier={1.4}
                      numberOfLines={1}
                      style={
                        [
                          {
                            "color": "#7D7D7D",
                            "display": "flex",
                            "fontFamily": "Basel-Book",
                            "fontSize": 19,
                            "fontWeight": "400",
                            "lineHeight": 24,
                          },
                          {
                            "flexShrink": 1,
                          },
                        ]
                      }
                    >
                      recovery phrase
                    </Text>
                  </View>
                </View>
                <View
                  style={
                    [
                      {
                        "display": "flex",
                        "flexGrow": 0,
                        "flexShrink": 0,
                        "height": 16,
                      },
                    ]
                  }
                />
                <View
                  sentry-label="Flex"
                  style={
                    [
                      {
                        "alignItems": "stretch",
                        "display": "flex",
                        "flexDirection": "column",
                        "justifyContent": "flex-start",
                      },
                    ]
                  }
                />
              </View>
              <View
                style={
                  [
                    {
                      "display": "flex",
                      "flexGrow": 0,
                      "flexShrink": 0,
                      "height": 8,
                    },
                  ]
                }
              />
              <View
                sentry-label="Flex"
                style={
                  [
                    {
                      "alignItems": "center",
                      "display": "flex",
                      "flexDirection": "column",
                      "justifyContent": "center",
                    },
                  ]
                }
              >
                <View
                  accessibilityState={
                    {
                      "busy": undefined,
                      "checked": undefined,
                      "disabled": undefined,
                      "expanded": undefined,
                      "selected": undefined,
                    }
                  }
                  accessibilityValue={
                    {
                      "max": undefined,
                      "min": undefined,
                      "now": undefined,
                      "text": undefined,
                    }
                  }
                  accessible={true}
                  collapsable={false}
                  focusable={true}
                  hitSlop={
                    {
                      "bottom": 5,
                      "left": 5,
                      "right": 5,
                      "top": 5,
                    }
                  }
                  onClick={[Function]}
                  onResponderGrant={[Function]}
                  onResponderMove={[Function]}
                  onResponderRelease={[Function]}
                  onResponderTerminate={[Function]}
                  onResponderTerminationRequest={[Function]}
                  onStartShouldSetResponder={[Function]}
                  style={
                    {
                      "display": "flex",
                      "opacity": 1,
                    }
                  }
                >
                  <Text
                    allowFontScaling={true}
                    maxFontSizeMultiplier={1.4}
                    style={
                      [
                        {
                          "color": "#FC72FF",
                          "display": "flex",
                          "fontFamily": "Basel-Book",
                          "fontSize": 17,
                          "fontWeight": "400",
                          "lineHeight": 24,
                        },
                      ]
                    }
                  >
                    How do I find my recovery phrase?
                  </Text>
                </View>
              </View>
            </View>
            <View
              style={
                [
                  {
                    "display": "flex",
                    "flexGrow": 0,
                    "flexShrink": 0,
                    "height": 16,
                  },
                ]
              }
            />
            <View
              accessibilityState={
                {
                  "busy": undefined,
                  "checked": undefined,
                  "disabled": true,
                  "expanded": undefined,
                  "selected": undefined,
                }
              }
              accessibilityValue={
                {
                  "max": undefined,
                  "min": undefined,
                  "now": undefined,
                  "text": undefined,
                }
              }
              accessible={true}
              collapsable={false}
              focusable={true}
              hitSlop={
                {
                  "bottom": 5,
                  "left": 5,
                  "right": 5,
                  "top": 5,
                }
              }
              onClick={[Function]}
              onResponderGrant={[Function]}
              onResponderMove={[Function]}
              onResponderRelease={[Function]}
              onResponderTerminate={[Function]}
              onResponderTerminationRequest={[Function]}
              onStartShouldSetResponder={[Function]}
              style={
                {
                  "alignItems": "center",
                  "backgroundColor": "#FC72FF",
                  "borderColor": "transparent",
                  "borderRadius": 16,
                  "borderWidth": 1,
                  "display": "flex",
                  "opacity": 0.4,
                }
              }
            >
              <View
                sentry-label="Flex"
                style={
                  [
                    {
                      "alignItems": "center",
                      "display": "flex",
                      "flexDirection": "row",
                      "justifyContent": "flex-start",
                      "paddingHorizontal": 12,
                      "paddingVertical": 12,
                    },
                  ]
                }
              >
                <Text
                  allowFontScaling={true}
                  maxFontSizeMultiplier={1.2}
                  style={
                    [
                      {
                        "color": "#FFFFFF",
                        "display": "flex",
                        "fontFamily": "Basel-Medium",
                        "fontSize": 19,
                        "fontWeight": "500",
                        "lineHeight": 24,
                        "textAlign": "center",
                      },
                    ]
                  }
                >
                  Continue
                </Text>
              </View>
            </View>
          </View>
        </View>
      </View>
    </RCTScrollView>
  </View>
  ExpoLinearGradient
</View>
`;
